******************************************************************************
             TMS320C2000 Linker PC v16.9.8                     
******************************************************************************
>> Linked Fri Aug 03 09:22:23 2018

OUTPUT FILE NAME:   <ModPwr_Boost_20180803.out>
ENTRY POINT SYMBOL: "_c_int00"  address: 003f4e0f


MEMORY CONFIGURATION

         name            origin    length      used     unused   attr    fill
----------------------  --------  ---------  --------  --------  ----  --------
PAGE 0:
  RAML0                 00008000   00000800  0000012f  000006d1  RWIX
  RAML1                 00008800   00000400  00000000  00000400  RWIX
  OTP                   003d7800   00000400  00000000  00000400  RWIX
  FLASHH                003d8000   00004000  00000000  00004000  RWIX
  FLASHG                003dc000   00004000  00000000  00004000  RWIX
  FLASHF                003e0000   00004000  00000000  00004000  RWIX
  FLASHE                003e4000   00004000  00000000  00004000  RWIX
  FLASHD                003e8000   00004000  0000012f  00003ed1  RWIX
  FLASHC                003ec000   00004000  00000000  00004000  RWIX
  FLASHA                003f4000   00003f80  00001133  00002e4d  RWIX
  CSM_RSVD              003f7f80   00000076  00000000  00000076  RWIX
  BEGIN                 003f7ff6   00000002  00000002  00000000  RWIX
  CSM_PWL_P0            003f7ff8   00000008  00000000  00000008  RWIX
  FPUTABLES             003fd860   000006a0  00000000  000006a0  RWIX
  IQTABLES              003fdf00   00000b50  00000000  00000b50  RWIX
  IQTABLES2             003fea50   0000008c  00000000  0000008c  RWIX
  IQTABLES3             003feadc   000000aa  00000000  000000aa  RWIX
  ROM                   003ff3b0   00000c10  00000000  00000c10  RWIX
  RESET                 003fffc0   00000002  00000000  00000002  RWIX
  VECTORS               003fffc2   0000003e  00000000  0000003e  RWIX

PAGE 1:
  BOOT_RSVD             00000000   00000050  00000000  00000050  RWIX
  RAMM0                 00000050   000003b0  00000300  000000b0  RWIX
  RAMM1                 00000400   00000400  00000000  00000400  RWIX
  DEV_EMU               00000880   00000105  00000004  00000101  RWIX
  SYS_PWR_CTL           00000985   00000003  00000003  00000000  RWIX
  FLASH_REGS            00000a80   00000060  00000008  00000058  RWIX
  CSM                   00000ae0   00000020  00000010  00000010  RWIX
  ADC_RESULT            00000b00   00000020  00000010  00000010  RWIX
  CPU_TIMER0            00000c00   00000008  00000008  00000000  RWIX
  CPU_TIMER1            00000c08   00000008  00000008  00000000  RWIX
  CPU_TIMER2            00000c10   00000008  00000008  00000000  RWIX
  PIE_CTRL              00000ce0   00000020  0000001a  00000006  RWIX
  PIE_VECT              00000d00   00000100  00000100  00000000  RWIX
  DMA                   00001000   00000200  000000e0  00000120  RWIX
  CLA1                  00001400   00000080  00000040  00000040  RWIX
  USB0                  00004000   00001000  00000454  00000bac  RWIX
  McBSPA                00005000   00000040  00000024  0000001c  RWIX
  ECANA                 00006000   00000040  00000034  0000000c  RWIX
  ECANA_LAM             00006040   00000040  00000040  00000000  RWIX
  ECANA_MOTS            00006080   00000040  00000040  00000000  RWIX
  ECANA_MOTO            000060c0   00000040  00000040  00000000  RWIX
  ECANA_MBOX            00006100   00000100  00000100  00000000  RWIX
  COMP1                 00006400   00000020  00000014  0000000c  RWIX
  COMP2                 00006420   00000020  00000014  0000000c  RWIX
  COMP3                 00006440   00000020  00000014  0000000c  RWIX
  EPWM1                 00006800   00000040  00000040  00000000  RWIX
  EPWM2                 00006840   00000040  00000040  00000000  RWIX
  EPWM3                 00006880   00000040  00000040  00000000  RWIX
  EPWM4                 000068c0   00000040  00000040  00000000  RWIX
  EPWM5                 00006900   00000040  00000040  00000000  RWIX
  EPWM6                 00006940   00000040  00000040  00000000  RWIX
  EPWM7                 00006980   00000040  00000040  00000000  RWIX
  EPWM8                 000069c0   00000040  00000040  00000000  RWIX
  ECAP1                 00006a00   00000020  00000020  00000000  RWIX
  ECAP2                 00006a20   00000020  00000020  00000000  RWIX
  ECAP3                 00006a40   00000020  00000020  00000000  RWIX
  HRCAP1                00006ac0   00000020  00000020  00000000  RWIX
  HRCAP2                00006ae0   00000020  00000020  00000000  RWIX
  EQEP1                 00006b00   00000040  00000022  0000001e  RWIX
  EQEP2                 00006b40   00000040  00000022  0000001e  RWIX
  HRCAP3                00006c80   00000020  00000020  00000000  RWIX
  HRCAP4                00006ca0   00000020  00000020  00000000  RWIX
  GPIOCTRL              00006f80   00000040  00000040  00000000  RWIX
  GPIODAT               00006fc0   00000020  00000020  00000000  RWIX
  GPIOINT               00006fe0   00000020  00000020  00000000  RWIX
  SYSTEM                00007010   00000030  00000030  00000000  RWIX
  SPIA                  00007040   00000010  00000010  00000000  RWIX
  SCIA                  00007050   00000010  00000010  00000000  RWIX
  NMIINTRUPT            00007060   00000010  00000010  00000000  RWIX
  XINTRUPT              00007070   00000010  00000010  00000000  RWIX
  ADC                   00007100   00000080  00000050  00000030  RWIX
  SPIB                  00007740   00000010  00000010  00000000  RWIX
  SCIB                  00007750   00000010  00000010  00000000  RWIX
  I2CA                  00007900   00000040  00000022  0000001e  RWIX
  RAML2                 00008c00   00000400  000000b6  0000034a  RWIX
  RAML3                 00009000   00001000  00000000  00001000  RWIX
  RAML4                 0000a000   00002000  00000000  00002000  RWIX
  RAML5                 0000c000   00002000  00000000  00002000  RWIX
  RAML6                 0000e000   00002000  00000000  00002000  RWIX
  RAML7                 00010000   00002000  00000000  00002000  RWIX
  RAML8                 00012000   00002000  00000000  00002000  RWIX
  USB_RAM               00040000   00000800  00000000  00000800  RWIX
  PARTID                003d7e80   00000001  00000001  00000000  RWIX
  FLASHB                003f0000   00004000  00000000  00004000  RWIX
  CSM_PWL               003f7ff8   00000008  00000008  00000000  RWIX


SECTION ALLOCATION MAP

 output                                  attributes/
section   page    origin      length       input sections
--------  ----  ----------  ----------   ----------------
ramfuncs   0    003e8000    0000012f     RUN ADDR = 00008000
                  003e8000    00000110     control.obj (ramfuncs:retain)
                  003e8110    0000001b     F2806x_SysCtrl.obj (ramfuncs)
                  003e812b    00000004     F2806x_usDelay.obj (ramfuncs)

.text      0    003f4000    00000f94     
                  003f4000    0000039b     F2806x_DefaultIsr.obj (.text:retain)
                  003f439b    000002ca     F2806x_Adc.obj (.text)
                  003f4665    00000211     F2806x_EPwm.obj (.text)
                  003f4876    0000019f     control.obj (.text)
                  003f4a15    0000018b     F2806x_SysCtrl.obj (.text)
                  003f4ba0    000000ce     F2806x_Gpio.obj (.text)
                  003f4c6e    000000bf     F2806x_Sci.obj (.text)
                  003f4d2d    00000076     F2806x_CpuTimers.obj (.text)
                  003f4da3    0000006c     main.obj (.text)
                  003f4e0f    00000056     rts2800_fpu32.lib : boot28.obj (.text)
                  003f4e65    00000029                       : exit.obj (.text)
                  003f4e8e    00000028     F2806x_PieCtrl.obj (.text)
                  003f4eb6    00000026     F2806x_PieVect.obj (.text)
                  003f4edc    00000024     rts2800_fpu32.lib : cpy_tbl.obj (.text)
                  003f4f00    00000022                       : i_div28.obj (.text)
                  003f4f22    0000001e                       : memcpy.obj (.text)
                  003f4f40    0000001d     control.obj (.text:retain)
                  003f4f5d    00000019     rts2800_fpu32.lib : args_main.obj (.text)
                  003f4f76    00000009                       : _lock.obj (.text)
                  003f4f7f    00000008     F2806x_CodeStartBranch.obj (.text)
                  003f4f87    00000007     F2806x_DisInt.obj (.text)
                  003f4f8e    00000003     F2806x_DBGIER.obj (.text)
                  003f4f91    00000002     rts2800_fpu32.lib : pre_init.obj (.text)
                  003f4f93    00000001                       : startup.obj (.text)

.econst    0    003f4f94    0000010d     
                  003f4f94    00000100     F2806x_PieVect.obj (.econst:_PieVectTableInit)
                  003f5094    0000000d     F2806x_Sci.obj (.econst:.string)

.cinit     0    003f50a1    00000092     
                  003f50a1    00000078     control.obj (.cinit)
                  003f5119    0000000e     rts2800_fpu32.lib : exit.obj (.cinit)
                  003f5127    00000005                       : _lock.obj (.cinit:__lock)
                  003f512c    00000005                       : _lock.obj (.cinit:__unlock)
                  003f5131    00000002     --HOLE-- [fill = 0]

.pinit     0    003f4000    00000000     UNINITIALIZED

codestart 
*          0    003f7ff6    00000002     
                  003f7ff6    00000002     F2806x_CodeStartBranch.obj (codestart)

.stack     1    00000050    00000300     UNINITIALIZED
                  00000050    00000300     --HOLE--

DevEmuRegsFile 
*          1    00000880    00000004     UNINITIALIZED
                  00000880    00000004     F2806x_GlobalVariableDefs.obj (DevEmuRegsFile)

SysPwrCtrlRegsFile 
*          1    00000985    00000003     UNINITIALIZED
                  00000985    00000003     F2806x_GlobalVariableDefs.obj (SysPwrCtrlRegsFile)

FlashRegsFile 
*          1    00000a80    00000008     UNINITIALIZED
                  00000a80    00000008     F2806x_GlobalVariableDefs.obj (FlashRegsFile)

CsmRegsFile 
*          1    00000ae0    00000010     UNINITIALIZED
                  00000ae0    00000010     F2806x_GlobalVariableDefs.obj (CsmRegsFile)

AdcResultFile 
*          1    00000b00    00000010     UNINITIALIZED
                  00000b00    00000010     F2806x_GlobalVariableDefs.obj (AdcResultFile)

CpuTimer0RegsFile 
*          1    00000c00    00000008     UNINITIALIZED
                  00000c00    00000008     F2806x_GlobalVariableDefs.obj (CpuTimer0RegsFile)

CpuTimer1RegsFile 
*          1    00000c08    00000008     UNINITIALIZED
                  00000c08    00000008     F2806x_GlobalVariableDefs.obj (CpuTimer1RegsFile)

CpuTimer2RegsFile 
*          1    00000c10    00000008     UNINITIALIZED
                  00000c10    00000008     F2806x_GlobalVariableDefs.obj (CpuTimer2RegsFile)

PieCtrlRegsFile 
*          1    00000ce0    0000001a     UNINITIALIZED
                  00000ce0    0000001a     F2806x_GlobalVariableDefs.obj (PieCtrlRegsFile)

PieVectTableFile 
*          1    00000d00    00000100     UNINITIALIZED
                  00000d00    00000100     F2806x_GlobalVariableDefs.obj (PieVectTableFile)

EmuKeyVar 
*          1    00000d00    00000001     UNINITIALIZED
                  00000d00    00000001     F2806x_GlobalVariableDefs.obj (EmuKeyVar)

EmuBModeVar 
*          1    00000d01    00000001     UNINITIALIZED
                  00000d01    00000001     F2806x_GlobalVariableDefs.obj (EmuBModeVar)

FlashCallbackVar 
*          1    00000d02    00000002     UNINITIALIZED
                  00000d02    00000002     F2806x_GlobalVariableDefs.obj (FlashCallbackVar)

FlashScalingVar 
*          1    00000d04    00000002     UNINITIALIZED
                  00000d04    00000002     F2806x_GlobalVariableDefs.obj (FlashScalingVar)

DmaRegsFile 
*          1    00001000    000000e0     UNINITIALIZED
                  00001000    000000e0     F2806x_GlobalVariableDefs.obj (DmaRegsFile)

Cla1RegsFile 
*          1    00001400    00000040     UNINITIALIZED
                  00001400    00000040     F2806x_GlobalVariableDefs.obj (Cla1RegsFile)

Usb0RegsFile 
*          1    00004000    00000454     UNINITIALIZED
                  00004000    00000454     F2806x_GlobalVariableDefs.obj (Usb0RegsFile)

McbspaRegsFile 
*          1    00005000    00000024     UNINITIALIZED
                  00005000    00000024     F2806x_GlobalVariableDefs.obj (McbspaRegsFile)

ECanaRegsFile 
*          1    00006000    00000034     UNINITIALIZED
                  00006000    00000034     F2806x_GlobalVariableDefs.obj (ECanaRegsFile)

ECanaLAMRegsFile 
*          1    00006040    00000040     UNINITIALIZED
                  00006040    00000040     F2806x_GlobalVariableDefs.obj (ECanaLAMRegsFile)

ECanaMOTSRegsFile 
*          1    00006080    00000040     UNINITIALIZED
                  00006080    00000040     F2806x_GlobalVariableDefs.obj (ECanaMOTSRegsFile)

ECanaMOTORegsFile 
*          1    000060c0    00000040     UNINITIALIZED
                  000060c0    00000040     F2806x_GlobalVariableDefs.obj (ECanaMOTORegsFile)

ECanaMboxesFile 
*          1    00006100    00000100     UNINITIALIZED
                  00006100    00000100     F2806x_GlobalVariableDefs.obj (ECanaMboxesFile)

Comp1RegsFile 
*          1    00006400    00000014     UNINITIALIZED
                  00006400    00000014     F2806x_GlobalVariableDefs.obj (Comp1RegsFile)

Comp2RegsFile 
*          1    00006420    00000014     UNINITIALIZED
                  00006420    00000014     F2806x_GlobalVariableDefs.obj (Comp2RegsFile)

Comp3RegsFile 
*          1    00006440    00000014     UNINITIALIZED
                  00006440    00000014     F2806x_GlobalVariableDefs.obj (Comp3RegsFile)

EPwm1RegsFile 
*          1    00006800    00000040     UNINITIALIZED
                  00006800    00000040     F2806x_GlobalVariableDefs.obj (EPwm1RegsFile)

EPwm2RegsFile 
*          1    00006840    00000040     UNINITIALIZED
                  00006840    00000040     F2806x_GlobalVariableDefs.obj (EPwm2RegsFile)

EPwm3RegsFile 
*          1    00006880    00000040     UNINITIALIZED
                  00006880    00000040     F2806x_GlobalVariableDefs.obj (EPwm3RegsFile)

EPwm4RegsFile 
*          1    000068c0    00000040     UNINITIALIZED
                  000068c0    00000040     F2806x_GlobalVariableDefs.obj (EPwm4RegsFile)

EPwm5RegsFile 
*          1    00006900    00000040     UNINITIALIZED
                  00006900    00000040     F2806x_GlobalVariableDefs.obj (EPwm5RegsFile)

EPwm6RegsFile 
*          1    00006940    00000040     UNINITIALIZED
                  00006940    00000040     F2806x_GlobalVariableDefs.obj (EPwm6RegsFile)

EPwm7RegsFile 
*          1    00006980    00000040     UNINITIALIZED
                  00006980    00000040     F2806x_GlobalVariableDefs.obj (EPwm7RegsFile)

EPwm8RegsFile 
*          1    000069c0    00000040     UNINITIALIZED
                  000069c0    00000040     F2806x_GlobalVariableDefs.obj (EPwm8RegsFile)

ECap1RegsFile 
*          1    00006a00    00000020     UNINITIALIZED
                  00006a00    00000020     F2806x_GlobalVariableDefs.obj (ECap1RegsFile)

ECap2RegsFile 
*          1    00006a20    00000020     UNINITIALIZED
                  00006a20    00000020     F2806x_GlobalVariableDefs.obj (ECap2RegsFile)

ECap3RegsFile 
*          1    00006a40    00000020     UNINITIALIZED
                  00006a40    00000020     F2806x_GlobalVariableDefs.obj (ECap3RegsFile)

HRCap1RegsFile 
*          1    00006ac0    00000020     UNINITIALIZED
                  00006ac0    00000020     F2806x_GlobalVariableDefs.obj (HRCap1RegsFile)

HRCap2RegsFile 
*          1    00006ae0    00000020     UNINITIALIZED
                  00006ae0    00000020     F2806x_GlobalVariableDefs.obj (HRCap2RegsFile)

EQep1RegsFile 
*          1    00006b00    00000022     UNINITIALIZED
                  00006b00    00000022     F2806x_GlobalVariableDefs.obj (EQep1RegsFile)

EQep2RegsFile 
*          1    00006b40    00000022     UNINITIALIZED
                  00006b40    00000022     F2806x_GlobalVariableDefs.obj (EQep2RegsFile)

HRCap3RegsFile 
*          1    00006c80    00000020     UNINITIALIZED
                  00006c80    00000020     F2806x_GlobalVariableDefs.obj (HRCap3RegsFile)

HRCap4RegsFile 
*          1    00006ca0    00000020     UNINITIALIZED
                  00006ca0    00000020     F2806x_GlobalVariableDefs.obj (HRCap4RegsFile)

GpioCtrlRegsFile 
*          1    00006f80    00000040     UNINITIALIZED
                  00006f80    00000040     F2806x_GlobalVariableDefs.obj (GpioCtrlRegsFile)

GpioDataRegsFile 
*          1    00006fc0    00000020     UNINITIALIZED
                  00006fc0    00000020     F2806x_GlobalVariableDefs.obj (GpioDataRegsFile)

GpioIntRegsFile 
*          1    00006fe0    00000020     UNINITIALIZED
                  00006fe0    00000020     F2806x_GlobalVariableDefs.obj (GpioIntRegsFile)

SysCtrlRegsFile 
*          1    00007010    00000030     UNINITIALIZED
                  00007010    00000030     F2806x_GlobalVariableDefs.obj (SysCtrlRegsFile)

SpiaRegsFile 
*          1    00007040    00000010     UNINITIALIZED
                  00007040    00000010     F2806x_GlobalVariableDefs.obj (SpiaRegsFile)

SciaRegsFile 
*          1    00007050    00000010     UNINITIALIZED
                  00007050    00000010     F2806x_GlobalVariableDefs.obj (SciaRegsFile)

NmiIntruptRegsFile 
*          1    00007060    00000010     UNINITIALIZED
                  00007060    00000010     F2806x_GlobalVariableDefs.obj (NmiIntruptRegsFile)

XIntruptRegsFile 
*          1    00007070    00000010     UNINITIALIZED
                  00007070    00000010     F2806x_GlobalVariableDefs.obj (XIntruptRegsFile)

AdcRegsFile 
*          1    00007100    00000050     UNINITIALIZED
                  00007100    00000050     F2806x_GlobalVariableDefs.obj (AdcRegsFile)

SpibRegsFile 
*          1    00007740    00000010     UNINITIALIZED
                  00007740    00000010     F2806x_GlobalVariableDefs.obj (SpibRegsFile)

ScibRegsFile 
*          1    00007750    00000010     UNINITIALIZED
                  00007750    00000010     F2806x_GlobalVariableDefs.obj (ScibRegsFile)

I2caRegsFile 
*          1    00007900    00000022     UNINITIALIZED
                  00007900    00000022     F2806x_GlobalVariableDefs.obj (I2caRegsFile)

.ebss      1    00008c00    000000b6     UNINITIALIZED
                  00008c00    00000094     control.obj (.ebss)
                  00008c94    00000018     F2806x_CpuTimers.obj (.ebss)
                  00008cac    00000006     rts2800_fpu32.lib : exit.obj (.ebss)
                  00008cb2    00000002                       : _lock.obj (.ebss:__lock)
                  00008cb4    00000002                       : _lock.obj (.ebss:__unlock)

.reset     0    003fffc0    00000002     DSECT
                  003fffc0    00000002     rts2800_fpu32.lib : boot28.obj (.reset)

vectors    0    003fffc2    00000000     DSECT

PartIdRegsFile 
*          1    003d7e80    00000001     UNINITIALIZED
                  003d7e80    00000001     F2806x_GlobalVariableDefs.obj (PartIdRegsFile)

CsmPwlFile 
*          1    003f7ff8    00000008     UNINITIALIZED
                  003f7ff8    00000008     F2806x_GlobalVariableDefs.obj (CsmPwlFile)

MODULE SUMMARY

       Module                          code   initialized data   uninitialized data
       ------                          ----   ----------------   ------------------
    .\F28069_Common_Source\
       F2806x_GlobalVariableDefs.obj   0      0                  3550              
       F2806x_DefaultIsr.obj           923    0                  0                 
       F2806x_Adc.obj                  714    0                  0                 
       F2806x_EPwm.obj                 529    0                  0                 
       F2806x_SysCtrl.obj              449    0                  0                 
       F2806x_PieVect.obj              38     256                0                 
       F2806x_Gpio.obj                 206    0                  0                 
       F2806x_Sci.obj                  191    13                 0                 
       F2806x_CpuTimers.obj            118    0                  24                
       F2806x_PieCtrl.obj              40     0                  0                 
       F2806x_CodeStartBranch.obj      10     0                  0                 
       F2806x_usDelay.obj              8      0                  0                 
       F2806x_DisInt.obj               7      0                  0                 
       F2806x_DBGIER.obj               3      0                  0                 
    +--+-------------------------------+------+------------------+--------------------+
       Total:                          3236   269                3574              
                                                                                   
    .\User Source\
       control.obj                     988    120                148               
       main.obj                        108    0                  0                 
    +--+-------------------------------+------+------------------+--------------------+
       Total:                          1096   120                148               
                                                                                   
    C:\ti\ccsv6\tools\compiler\ti-cgt-c2000_16.9.8.LTS\lib\rts2800_fpu32.lib
       boot28.obj                      86     0                  0                 
       exit.obj                        41     14                 6                 
       cpy_tbl.obj                     36     0                  0                 
       i_div28.obj                     34     0                  0                 
       memcpy.obj                      30     0                  0                 
       args_main.obj                   25     0                  0                 
       _lock.obj                       9      10                 4                 
       pre_init.obj                    2      0                  0                 
       startup.obj                     1      0                  0                 
    +--+-------------------------------+------+------------------+--------------------+
       Total:                          264    24                 10                
                                                                                   
       Stack:                          0      0                  768               
    +--+-------------------------------+------+------------------+--------------------+
       Grand Total:                    4596   413                4500              


GLOBAL DATA SYMBOLS: SORTED BY DATA PAGE

address     data page           name
--------    ----------------    ----
00000050       1 (00000040)     __stack

00000880      22 (00000880)     _DevEmuRegs

00000985      26 (00000980)     _SysPwrCtrlRegs

00000a80      2a (00000a80)     _FlashRegs

00000ae0      2b (00000ac0)     _CsmRegs

00000b00      2c (00000b00)     _AdcResult

00000c00      30 (00000c00)     _CpuTimer0Regs
00000c08      30 (00000c00)     _CpuTimer1Regs
00000c10      30 (00000c00)     _CpuTimer2Regs

00000ce0      33 (00000cc0)     _PieCtrlRegs

00000d00      34 (00000d00)     _EmuKey
00000d00      34 (00000d00)     _PieVectTable
00000d01      34 (00000d00)     _EmuBMode
00000d02      34 (00000d00)     _Flash_CallbackPtr
00000d04      34 (00000d00)     _Flash_CPUScaleFactor

00001000      40 (00001000)     _DmaRegs

00001400      50 (00001400)     _Cla1Regs

00004000     100 (00004000)     _Usb0Regs

00005000     140 (00005000)     _McbspaRegs

00006000     180 (00006000)     _ECanaRegs

00006040     181 (00006040)     _ECanaLAMRegs

00006080     182 (00006080)     _ECanaMOTSRegs

000060c0     183 (000060c0)     _ECanaMOTORegs

00006100     184 (00006100)     _ECanaMboxes

00006400     190 (00006400)     _Comp1Regs
00006420     190 (00006400)     _Comp2Regs

00006440     191 (00006440)     _Comp3Regs

00006800     1a0 (00006800)     _EPwm1Regs

00006840     1a1 (00006840)     _EPwm2Regs

00006880     1a2 (00006880)     _EPwm3Regs

000068c0     1a3 (000068c0)     _EPwm4Regs

00006900     1a4 (00006900)     _EPwm5Regs

00006940     1a5 (00006940)     _EPwm6Regs

00006980     1a6 (00006980)     _EPwm7Regs

000069c0     1a7 (000069c0)     _EPwm8Regs

00006a00     1a8 (00006a00)     _ECap1Regs
00006a20     1a8 (00006a00)     _ECap2Regs

00006a40     1a9 (00006a40)     _ECap3Regs

00006ac0     1ab (00006ac0)     _HRCap1Regs
00006ae0     1ab (00006ac0)     _HRCap2Regs

00006b00     1ac (00006b00)     _EQep1Regs

00006b40     1ad (00006b40)     _EQep2Regs

00006c80     1b2 (00006c80)     _HRCap3Regs
00006ca0     1b2 (00006c80)     _HRCap4Regs

00006f80     1be (00006f80)     _GpioCtrlRegs

00006fc0     1bf (00006fc0)     _GpioDataRegs
00006fe0     1bf (00006fc0)     _GpioIntRegs

00007010     1c0 (00007000)     _SysCtrlRegs

00007040     1c1 (00007040)     _SpiaRegs
00007050     1c1 (00007040)     _SciaRegs
00007060     1c1 (00007040)     _NmiIntruptRegs
00007070     1c1 (00007040)     _XIntruptRegs

00007100     1c4 (00007100)     _AdcRegs

00007740     1dd (00007740)     _SpibRegs
00007750     1dd (00007740)     _ScibRegs

00007900     1e4 (00007900)     _I2caRegs

00008c00     230 (00008c00)     _pulsewidth1
00008c01     230 (00008c00)     _a
00008c02     230 (00008c00)     _sample_flag
00008c03     230 (00008c00)     _pulsewidth2
00008c04     230 (00008c00)     _Fault_BOOST
00008c05     230 (00008c00)     _pulsewidth
00008c06     230 (00008c00)     _sdata
00008c07     230 (00008c00)     _rdata
00008c08     230 (00008c00)     _volcont
00008c09     230 (00008c00)     _test
00008c0a     230 (00008c00)     _pwm1flag2
00008c0b     230 (00008c00)     _pwm1flag
00008c0c     230 (00008c00)     _state
00008c0d     230 (00008c00)     _sample_cnt
00008c0e     230 (00008c00)     _overvoltage_count
00008c0f     230 (00008c00)     _k
00008c10     230 (00008c00)     _V_220V_neg
00008c12     230 (00008c00)     _V_400V
00008c14     230 (00008c00)     _V_220V_pos
00008c16     230 (00008c00)     _Iboost1
00008c18     230 (00008c00)     _I_boost_1_ref
00008c1a     230 (00008c00)     _V_400V_ref
00008c1c     230 (00008c00)     _Iboost2
00008c1e     230 (00008c00)     _msg
00008c20     230 (00008c00)     _T_LLC
00008c22     230 (00008c00)     _T_boost
00008c24     230 (00008c00)     _I_boost_2
00008c26     230 (00008c00)     _I_boost_1
00008c28     230 (00008c00)     _I_boost_2_ref
00008c2a     230 (00008c00)     _PID_I1
00008c2c     230 (00008c00)     _PID_400V
00008c2e     230 (00008c00)     _PID_I2
00008c30     230 (00008c00)     _Control_CPLD
00008c34     230 (00008c00)     _AdcaResults

00008c40     231 (00008c40)     _AdcbResults
00008c48     231 (00008c40)     _PID_I_LOOP2
00008c5c     231 (00008c40)     _PID_TEST

00008c80     232 (00008c80)     _PID_I_LOOP1
00008c94     232 (00008c80)     _CpuTimer1
00008c9c     232 (00008c80)     _CpuTimer2
00008ca4     232 (00008c80)     _CpuTimer0
00008cac     232 (00008c80)     ___TI_enable_exit_profile_output
00008cae     232 (00008c80)     ___TI_cleanup_ptr
00008cb0     232 (00008c80)     ___TI_dtors_ptr
00008cb2     232 (00008c80)     __lock
00008cb4     232 (00008c80)     __unlock

003d7e80    f5fa (003d7e80)     _PartIdRegs

003f4f94    fd3e (003f4f80)     _PieVectTableInit

003f7ff8    fdff (003f7fc0)     _CsmPwl


GLOBAL SYMBOLS: SORTED ALPHABETICALLY BY Name 

page  address   name                            
----  -------   ----                            
0     003f4000  .text                           
0     003f4e65  C$$EXIT                         
0     003f4f00  I$$DIV                          
0     003f4f11  I$$MOD                          
0     003f40be  _ADCINT1_ISR                    
0     003f40c8  _ADCINT2_ISR                    
0     003f42d0  _ADCINT3_ISR                    
0     003f42da  _ADCINT4_ISR                    
0     003f42e4  _ADCINT5_ISR                    
0     003f42ee  _ADCINT6_ISR                    
0     003f42f8  _ADCINT7_ISR                    
0     003f4302  _ADCINT8_ISR                    
0     003f40e6  _ADCINT9_ISR                    
0     003f44c8  _AdcChanSelect                  
0     003f453d  _AdcConversion                  
0     003f44a1  _AdcOffsetSelfCal               
1     00007100  _AdcRegs                        
1     00000b00  _AdcResult                      
1     00008c34  _AdcaResults                    
1     00008c40  _AdcbResults                    
0     003f430c  _CLA1_INT1_ISR                  
0     003f4316  _CLA1_INT2_ISR                  
0     003f4320  _CLA1_INT3_ISR                  
0     003f432a  _CLA1_INT4_ISR                  
0     003f4334  _CLA1_INT5_ISR                  
0     003f433e  _CLA1_INT6_ISR                  
0     003f4348  _CLA1_INT7_ISR                  
0     003f4352  _CLA1_INT8_ISR                  
1     00001400  _Cla1Regs                       
1     00006400  _Comp1Regs                      
1     00006420  _Comp2Regs                      
1     00006440  _Comp3Regs                      
0     003f4d68  _ConfigCpuTimer                 
1     00008c30  _Control_CPLD                   
1     00008ca4  _CpuTimer0                      
1     00000c00  _CpuTimer0Regs                  
1     00008c94  _CpuTimer1                      
1     00000c08  _CpuTimer1Regs                  
1     00008c9c  _CpuTimer2                      
1     00000c10  _CpuTimer2Regs                  
1     003f7ff8  _CsmPwl                         
1     00000ae0  _CsmRegs                        
0     003f4b21  _CsmUnlock                      
0     003f4014  _DATALOG_ISR                    
0     003f4244  _DINTCH1_ISR                    
0     003f424e  _DINTCH2_ISR                    
0     003f4258  _DINTCH3_ISR                    
0     003f4262  _DINTCH4_ISR                    
0     003f426c  _DINTCH5_ISR                    
0     003f4276  _DINTCH6_ISR                    
0     003f4f87  _DSP28x_DisableInt              
0     003f4f8b  _DSP28x_RestoreInt              
0     0000812b  _DSP28x_usDelay                 
1     00000880  _DevEmuRegs                     
0     003f4a39  _DisableDog                     
1     00001000  _DmaRegs                        
0     003f42bc  _ECAN0INTA_ISR                  
0     003f42c6  _ECAN1INTA_ISR                  
0     003f41a4  _ECAP1_INT_ISR                  
0     003f41ae  _ECAP2_INT_ISR                  
0     003f41b8  _ECAP3_INT_ISR                  
1     00006040  _ECanaLAMRegs                   
1     000060c0  _ECanaMOTORegs                  
1     00006080  _ECanaMOTSRegs                  
1     00006100  _ECanaMboxes                    
1     00006000  _ECanaRegs                      
1     00006a00  _ECap1Regs                      
1     00006a20  _ECap2Regs                      
1     00006a40  _ECap3Regs                      
0     003f437a  _EMPTY_ISR                      
0     003f4028  _EMUINT_ISR                     
0     003f4154  _EPWM1_INT_ISR                  
0     003f4104  _EPWM1_TZINT_ISR                
0     003f415e  _EPWM2_INT_ISR                  
0     003f410e  _EPWM2_TZINT_ISR                
0     003f4168  _EPWM3_INT_ISR                  
0     003f4118  _EPWM3_TZINT_ISR                
0     003f4172  _EPWM4_INT_ISR                  
0     003f4122  _EPWM4_TZINT_ISR                
0     003f417c  _EPWM5_INT_ISR                  
0     003f412c  _EPWM5_TZINT_ISR                
0     003f4186  _EPWM6_INT_ISR                  
0     003f4136  _EPWM6_TZINT_ISR                
0     003f4190  _EPWM7_INT_ISR                  
0     003f4140  _EPWM7_TZINT_ISR                
0     003f419a  _EPWM8_INT_ISR                  
0     003f414a  _EPWM8_TZINT_ISR                
0     003f4761  _EPWM_START                     
0     003f4774  _EPWM_STOP                      
1     00006800  _EPwm1Regs                      
1     00006840  _EPwm2Regs                      
1     00006880  _EPwm3Regs                      
1     000068c0  _EPwm4Regs                      
1     00006900  _EPwm5Regs                      
1     00006940  _EPwm6Regs                      
1     00006980  _EPwm7Regs                      
1     000069c0  _EPwm8Regs                      
0     003f41d6  _EQEP1_INT_ISR                  
0     003f41e0  _EQEP2_INT_ISR                  
1     00006b00  _EQep1Regs                      
1     00006b40  _EQep2Regs                      
1     00000d01  _EmuBMode                       
1     00000d00  _EmuKey                         
0     003f4ead  _EnableInterrupts               
0     003f4b8a  _ExtOscSel                      
1     00008c04  _Fault_BOOST                    
1     00000a80  _FlashRegs                      
1     00000d04  _Flash_CPUScaleFactor           
1     00000d02  _Flash_CallbackPtr              
1     00006f80  _GpioCtrlRegs                   
1     00006fc0  _GpioDataRegs                   
1     00006fe0  _GpioIntRegs                    
0     003f41c2  _HRCAP1_INT_ISR                 
0     003f41cc  _HRCAP2_INT_ISR                 
0     003f41ea  _HRCAP3_INT_ISR                 
0     003f41f4  _HRCAP4_INT_ISR                 
1     00006ac0  _HRCap1Regs                     
1     00006ae0  _HRCap2Regs                     
1     00006c80  _HRCap3Regs                     
1     00006ca0  _HRCap4Regs                     
0     003f4280  _I2CINT1A_ISR                   
0     003f428a  _I2CINT2A_ISR                   
1     00007900  _I2caRegs                       
0     003f403c  _ILLEGAL_ISR                    
0     003f4000  _INT13_ISR                      
0     003f400a  _INT14_ISR                      
1     00008c26  _I_boost_1                      
1     00008c18  _I_boost_1_ref                  
1     00008c24  _I_boost_2                      
1     00008c28  _I_boost_2_ref                  
1     00008c16  _Iboost1                        
1     00008c1c  _Iboost2                        
0     003f439b  _InitAdc                        
0     003f447f  _InitAdcAio                     
0     003f4d2d  _InitCpuTimers                  
0     003f4665  _InitEPwm                       
0     003f47b0  _InitEPwm1Gpio                  
0     003f47c2  _InitEPwm2Gpio                  
0     003f47d4  _InitEPwm3Gpio                  
0     003f47e8  _InitEPwm4Gpio                  
0     003f47fc  _InitEPwm5Gpio                  
0     003f480e  _InitEPwm6Gpio                  
0     003f4820  _InitEPwm7Gpio                  
0     003f4832  _InitEPwm8Gpio                  
0     003f479f  _InitEPwmGpio                   
0     003f4844  _InitEPwmSyncGpio               
0     00008110  _InitFlash                      
0     003f4ba0  _InitGpio                       
0     003f4ac4  _InitPeripheralClocks           
0     003f4e8e  _InitPieCtrl                    
0     003f4eb6  _InitPieVectTable               
0     003f4a41  _InitPll                        
0     003f4a96  _InitPll2                       
0     003f4c9b  _InitSci                        
0     003f4cb3  _InitSciGpio                    
0     003f4cb8  _InitSciaGpio                   
0     003f4cce  _InitScibGpio                   
0     003f4a15  _InitSysCtrl                    
0     003f4855  _InitTzGpio                     
0     003f4b52  _IntOsc1Sel                     
0     003f4b62  _IntOsc2Sel                     
0     003f4370  _LUF_ISR                        
0     003f4366  _LVF_ISR                        
0     003f4230  _MRINTA_ISR                     
0     003f423a  _MXINTA_ISR                     
1     00005000  _McbspaRegs                     
0     003f4032  _NMI_ISR                        
1     00007060  _NmiIntruptRegs                 
1     00008c2c  _PID_400V                       
1     00008c2a  _PID_I1                         
1     00008c2e  _PID_I2                         
1     00008c80  _PID_I_LOOP1                    
1     00008c48  _PID_I_LOOP2                    
0     003f4982  _PID_Init                       
1     00008c5c  _PID_TEST                       
0     003f4387  _PIE_RESERVED                   
1     003d7e80  _PartIdRegs                     
0     003f492f  _PidCal                         
1     00000ce0  _PieCtrlRegs                    
1     00000d00  _PieVectTable                   
0     003f4f94  _PieVectTableInit               
0     003f4876  _RAM_Add_Init                   
0     003f401e  _RTOSINT_ISR                    
0     003e812f  _RamfuncsLoadEnd                
abs   0000012f  _RamfuncsLoadSize               
0     003e8000  _RamfuncsLoadStart              
0     00008000  _RamfuncsRunStart               
0     003f4294  _SCIRXINTA_ISR                  
0     003f42a8  _SCIRXINTB_ISR                  
0     003f429e  _SCITXINTA_ISR                  
0     003f42b2  _SCITXINTB_ISR                  
0     003f4208  _SPIRXINTA_ISR                  
0     003f421c  _SPIRXINTB_ISR                  
0     003f4212  _SPITXINTA_ISR                  
0     003f4226  _SPITXINTB_ISR                  
1     00007050  _SciaRegs                       
1     00007750  _ScibRegs                       
0     003f4a2f  _ServiceDog                     
0     003f4f8e  _SetDBGIER                      
1     00007040  _SpiaRegs                       
1     00007740  _SpibRegs                       
1     00007010  _SysCtrlRegs                    
1     00000985  _SysPwrCtrlRegs                 
0     003f40f0  _TINT0_ISR                      
1     00008c20  _T_LLC                          
1     00008c22  _T_boost                        
0     003f41fe  _USB0_INT_ISR                   
0     003f40a0  _USER10_ISR                     
0     003f40aa  _USER11_ISR                     
0     003f40b4  _USER12_ISR                     
0     003f4046  _USER1_ISR                      
0     003f4050  _USER2_ISR                      
0     003f405a  _USER3_ISR                      
0     003f4064  _USER4_ISR                      
0     003f406e  _USER5_ISR                      
0     003f4078  _USER6_ISR                      
0     003f4082  _USER7_ISR                      
0     003f408c  _USER8_ISR                      
0     003f4096  _USER9_ISR                      
1     00004000  _Usb0Regs                       
1     00008c10  _V_220V_neg                     
1     00008c14  _V_220V_pos                     
1     00008c12  _V_400V                         
1     00008c1a  _V_400V_ref                     
0     003f40fa  _WAKEINT_ISR                    
0     003f40d2  _XINT1_ISR                      
0     003f40dc  _XINT2_ISR                      
0     003f435c  _XINT3_ISR                      
1     00007070  _XIntruptRegs                   
0     003f4b76  _XtalOscSel                     
1     00000350  __STACK_END                     
abs   00000300  __STACK_SIZE                    
1     00008cae  ___TI_cleanup_ptr               
1     00008cb0  ___TI_dtors_ptr                 
1     00008cac  ___TI_enable_exit_profile_output
abs   ffffffff  ___TI_pprof_out_hndl            
abs   ffffffff  ___TI_prof_data_size            
abs   ffffffff  ___TI_prof_data_start           
abs   ffffffff  ___binit__                      
abs   ffffffff  ___c_args__                     
0     003f50a1  ___cinit__                      
0     003f4f94  ___etext__                      
abs   ffffffff  ___pinit__                      
0     003f4000  ___text__                       
0     003f4f5d  __args_main                     
1     00008cb2  __lock                          
0     003f4f7e  __nop                           
0     003f4f7a  __register_lock                 
0     003f4f76  __register_unlock               
1     00000050  __stack                         
0     003f4f93  __system_post_cinit             
0     003f4f91  __system_pre_init               
1     00008cb4  __unlock                        
1     00008c01  _a                              
0     003f4e65  _abort                          
0     003f4f40  _adc_int1_isr                   
0     003f4e0f  _c_int00                        
0     003f48d7  _convert                        
0     003f4edc  _copy_in                        
0     00008000  _cpu_timer0_isr                 
0     00008011  _epwm1_isr                      
0     003f4e67  _exit                           
0     003f490e  _faultcheck                     
0     003f4ce2  _int2Str                        
1     00008c0f  _k                              
0     003f4da3  _main                           
0     003f4f22  _memcpy                         
1     00008c1e  _msg                            
1     00008c0e  _overvoltage_count              
1     00008c05  _pulsewidth                     
1     00008c00  _pulsewidth1                    
1     00008c03  _pulsewidth2                    
1     00008c0b  _pwm1flag                       
1     00008c0a  _pwm1flag2                      
1     00008c07  _rdata                          
0     003f491f  _rstPID                         
0     003f4391  _rsvd_ISR                       
0     003f488a  _sample                         
1     00008c0d  _sample_cnt                     
1     00008c02  _sample_flag                    
0     003f4c7b  _sci_send                       
0     003f4c88  _sci_send_string                
0     003f4c6e  _sci_sendu8                     
1     00008c06  _sdata                          
1     00008c0c  _state                          
1     00008c09  _test                           
1     00008c08  _volcont                        
abs   ffffffff  binit                           
0     003f50a1  cinit                           
0     003f7ff6  code_start                      
0     003f4f94  etext                           
abs   ffffffff  pinit                           


GLOBAL SYMBOLS: SORTED BY Symbol Address 

page  address   name                            
----  -------   ----                            
0     00008000  _RamfuncsRunStart               
0     00008000  _cpu_timer0_isr                 
0     00008011  _epwm1_isr                      
0     00008110  _InitFlash                      
0     0000812b  _DSP28x_usDelay                 
0     003e8000  _RamfuncsLoadStart              
0     003e812f  _RamfuncsLoadEnd                
0     003f4000  .text                           
0     003f4000  _INT13_ISR                      
0     003f4000  ___text__                       
0     003f400a  _INT14_ISR                      
0     003f4014  _DATALOG_ISR                    
0     003f401e  _RTOSINT_ISR                    
0     003f4028  _EMUINT_ISR                     
0     003f4032  _NMI_ISR                        
0     003f403c  _ILLEGAL_ISR                    
0     003f4046  _USER1_ISR                      
0     003f4050  _USER2_ISR                      
0     003f405a  _USER3_ISR                      
0     003f4064  _USER4_ISR                      
0     003f406e  _USER5_ISR                      
0     003f4078  _USER6_ISR                      
0     003f4082  _USER7_ISR                      
0     003f408c  _USER8_ISR                      
0     003f4096  _USER9_ISR                      
0     003f40a0  _USER10_ISR                     
0     003f40aa  _USER11_ISR                     
0     003f40b4  _USER12_ISR                     
0     003f40be  _ADCINT1_ISR                    
0     003f40c8  _ADCINT2_ISR                    
0     003f40d2  _XINT1_ISR                      
0     003f40dc  _XINT2_ISR                      
0     003f40e6  _ADCINT9_ISR                    
0     003f40f0  _TINT0_ISR                      
0     003f40fa  _WAKEINT_ISR                    
0     003f4104  _EPWM1_TZINT_ISR                
0     003f410e  _EPWM2_TZINT_ISR                
0     003f4118  _EPWM3_TZINT_ISR                
0     003f4122  _EPWM4_TZINT_ISR                
0     003f412c  _EPWM5_TZINT_ISR                
0     003f4136  _EPWM6_TZINT_ISR                
0     003f4140  _EPWM7_TZINT_ISR                
0     003f414a  _EPWM8_TZINT_ISR                
0     003f4154  _EPWM1_INT_ISR                  
0     003f415e  _EPWM2_INT_ISR                  
0     003f4168  _EPWM3_INT_ISR                  
0     003f4172  _EPWM4_INT_ISR                  
0     003f417c  _EPWM5_INT_ISR                  
0     003f4186  _EPWM6_INT_ISR                  
0     003f4190  _EPWM7_INT_ISR                  
0     003f419a  _EPWM8_INT_ISR                  
0     003f41a4  _ECAP1_INT_ISR                  
0     003f41ae  _ECAP2_INT_ISR                  
0     003f41b8  _ECAP3_INT_ISR                  
0     003f41c2  _HRCAP1_INT_ISR                 
0     003f41cc  _HRCAP2_INT_ISR                 
0     003f41d6  _EQEP1_INT_ISR                  
0     003f41e0  _EQEP2_INT_ISR                  
0     003f41ea  _HRCAP3_INT_ISR                 
0     003f41f4  _HRCAP4_INT_ISR                 
0     003f41fe  _USB0_INT_ISR                   
0     003f4208  _SPIRXINTA_ISR                  
0     003f4212  _SPITXINTA_ISR                  
0     003f421c  _SPIRXINTB_ISR                  
0     003f4226  _SPITXINTB_ISR                  
0     003f4230  _MRINTA_ISR                     
0     003f423a  _MXINTA_ISR                     
0     003f4244  _DINTCH1_ISR                    
0     003f424e  _DINTCH2_ISR                    
0     003f4258  _DINTCH3_ISR                    
0     003f4262  _DINTCH4_ISR                    
0     003f426c  _DINTCH5_ISR                    
0     003f4276  _DINTCH6_ISR                    
0     003f4280  _I2CINT1A_ISR                   
0     003f428a  _I2CINT2A_ISR                   
0     003f4294  _SCIRXINTA_ISR                  
0     003f429e  _SCITXINTA_ISR                  
0     003f42a8  _SCIRXINTB_ISR                  
0     003f42b2  _SCITXINTB_ISR                  
0     003f42bc  _ECAN0INTA_ISR                  
0     003f42c6  _ECAN1INTA_ISR                  
0     003f42d0  _ADCINT3_ISR                    
0     003f42da  _ADCINT4_ISR                    
0     003f42e4  _ADCINT5_ISR                    
0     003f42ee  _ADCINT6_ISR                    
0     003f42f8  _ADCINT7_ISR                    
0     003f4302  _ADCINT8_ISR                    
0     003f430c  _CLA1_INT1_ISR                  
0     003f4316  _CLA1_INT2_ISR                  
0     003f4320  _CLA1_INT3_ISR                  
0     003f432a  _CLA1_INT4_ISR                  
0     003f4334  _CLA1_INT5_ISR                  
0     003f433e  _CLA1_INT6_ISR                  
0     003f4348  _CLA1_INT7_ISR                  
0     003f4352  _CLA1_INT8_ISR                  
0     003f435c  _XINT3_ISR                      
0     003f4366  _LVF_ISR                        
0     003f4370  _LUF_ISR                        
0     003f437a  _EMPTY_ISR                      
0     003f4387  _PIE_RESERVED                   
0     003f4391  _rsvd_ISR                       
0     003f439b  _InitAdc                        
0     003f447f  _InitAdcAio                     
0     003f44a1  _AdcOffsetSelfCal               
0     003f44c8  _AdcChanSelect                  
0     003f453d  _AdcConversion                  
0     003f4665  _InitEPwm                       
0     003f4761  _EPWM_START                     
0     003f4774  _EPWM_STOP                      
0     003f479f  _InitEPwmGpio                   
0     003f47b0  _InitEPwm1Gpio                  
0     003f47c2  _InitEPwm2Gpio                  
0     003f47d4  _InitEPwm3Gpio                  
0     003f47e8  _InitEPwm4Gpio                  
0     003f47fc  _InitEPwm5Gpio                  
0     003f480e  _InitEPwm6Gpio                  
0     003f4820  _InitEPwm7Gpio                  
0     003f4832  _InitEPwm8Gpio                  
0     003f4844  _InitEPwmSyncGpio               
0     003f4855  _InitTzGpio                     
0     003f4876  _RAM_Add_Init                   
0     003f488a  _sample                         
0     003f48d7  _convert                        
0     003f490e  _faultcheck                     
0     003f491f  _rstPID                         
0     003f492f  _PidCal                         
0     003f4982  _PID_Init                       
0     003f4a15  _InitSysCtrl                    
0     003f4a2f  _ServiceDog                     
0     003f4a39  _DisableDog                     
0     003f4a41  _InitPll                        
0     003f4a96  _InitPll2                       
0     003f4ac4  _InitPeripheralClocks           
0     003f4b21  _CsmUnlock                      
0     003f4b52  _IntOsc1Sel                     
0     003f4b62  _IntOsc2Sel                     
0     003f4b76  _XtalOscSel                     
0     003f4b8a  _ExtOscSel                      
0     003f4ba0  _InitGpio                       
0     003f4c6e  _sci_sendu8                     
0     003f4c7b  _sci_send                       
0     003f4c88  _sci_send_string                
0     003f4c9b  _InitSci                        
0     003f4cb3  _InitSciGpio                    
0     003f4cb8  _InitSciaGpio                   
0     003f4cce  _InitScibGpio                   
0     003f4ce2  _int2Str                        
0     003f4d2d  _InitCpuTimers                  
0     003f4d68  _ConfigCpuTimer                 
0     003f4da3  _main                           
0     003f4e0f  _c_int00                        
0     003f4e65  C$$EXIT                         
0     003f4e65  _abort                          
0     003f4e67  _exit                           
0     003f4e8e  _InitPieCtrl                    
0     003f4ead  _EnableInterrupts               
0     003f4eb6  _InitPieVectTable               
0     003f4edc  _copy_in                        
0     003f4f00  I$$DIV                          
0     003f4f11  I$$MOD                          
0     003f4f22  _memcpy                         
0     003f4f40  _adc_int1_isr                   
0     003f4f5d  __args_main                     
0     003f4f76  __register_unlock               
0     003f4f7a  __register_lock                 
0     003f4f7e  __nop                           
0     003f4f87  _DSP28x_DisableInt              
0     003f4f8b  _DSP28x_RestoreInt              
0     003f4f8e  _SetDBGIER                      
0     003f4f91  __system_pre_init               
0     003f4f93  __system_post_cinit             
0     003f4f94  _PieVectTableInit               
0     003f4f94  ___etext__                      
0     003f4f94  etext                           
0     003f50a1  ___cinit__                      
0     003f50a1  cinit                           
0     003f7ff6  code_start                      
1     00000050  __stack                         
1     00000350  __STACK_END                     
1     00000880  _DevEmuRegs                     
1     00000985  _SysPwrCtrlRegs                 
1     00000a80  _FlashRegs                      
1     00000ae0  _CsmRegs                        
1     00000b00  _AdcResult                      
1     00000c00  _CpuTimer0Regs                  
1     00000c08  _CpuTimer1Regs                  
1     00000c10  _CpuTimer2Regs                  
1     00000ce0  _PieCtrlRegs                    
1     00000d00  _EmuKey                         
1     00000d00  _PieVectTable                   
1     00000d01  _EmuBMode                       
1     00000d02  _Flash_CallbackPtr              
1     00000d04  _Flash_CPUScaleFactor           
1     00001000  _DmaRegs                        
1     00001400  _Cla1Regs                       
1     00004000  _Usb0Regs                       
1     00005000  _McbspaRegs                     
1     00006000  _ECanaRegs                      
1     00006040  _ECanaLAMRegs                   
1     00006080  _ECanaMOTSRegs                  
1     000060c0  _ECanaMOTORegs                  
1     00006100  _ECanaMboxes                    
1     00006400  _Comp1Regs                      
1     00006420  _Comp2Regs                      
1     00006440  _Comp3Regs                      
1     00006800  _EPwm1Regs                      
1     00006840  _EPwm2Regs                      
1     00006880  _EPwm3Regs                      
1     000068c0  _EPwm4Regs                      
1     00006900  _EPwm5Regs                      
1     00006940  _EPwm6Regs                      
1     00006980  _EPwm7Regs                      
1     000069c0  _EPwm8Regs                      
1     00006a00  _ECap1Regs                      
1     00006a20  _ECap2Regs                      
1     00006a40  _ECap3Regs                      
1     00006ac0  _HRCap1Regs                     
1     00006ae0  _HRCap2Regs                     
1     00006b00  _EQep1Regs                      
1     00006b40  _EQep2Regs                      
1     00006c80  _HRCap3Regs                     
1     00006ca0  _HRCap4Regs                     
1     00006f80  _GpioCtrlRegs                   
1     00006fc0  _GpioDataRegs                   
1     00006fe0  _GpioIntRegs                    
1     00007010  _SysCtrlRegs                    
1     00007040  _SpiaRegs                       
1     00007050  _SciaRegs                       
1     00007060  _NmiIntruptRegs                 
1     00007070  _XIntruptRegs                   
1     00007100  _AdcRegs                        
1     00007740  _SpibRegs                       
1     00007750  _ScibRegs                       
1     00007900  _I2caRegs                       
1     00008c00  _pulsewidth1                    
1     00008c01  _a                              
1     00008c02  _sample_flag                    
1     00008c03  _pulsewidth2                    
1     00008c04  _Fault_BOOST                    
1     00008c05  _pulsewidth                     
1     00008c06  _sdata                          
1     00008c07  _rdata                          
1     00008c08  _volcont                        
1     00008c09  _test                           
1     00008c0a  _pwm1flag2                      
1     00008c0b  _pwm1flag                       
1     00008c0c  _state                          
1     00008c0d  _sample_cnt                     
1     00008c0e  _overvoltage_count              
1     00008c0f  _k                              
1     00008c10  _V_220V_neg                     
1     00008c12  _V_400V                         
1     00008c14  _V_220V_pos                     
1     00008c16  _Iboost1                        
1     00008c18  _I_boost_1_ref                  
1     00008c1a  _V_400V_ref                     
1     00008c1c  _Iboost2                        
1     00008c1e  _msg                            
1     00008c20  _T_LLC                          
1     00008c22  _T_boost                        
1     00008c24  _I_boost_2                      
1     00008c26  _I_boost_1                      
1     00008c28  _I_boost_2_ref                  
1     00008c2a  _PID_I1                         
1     00008c2c  _PID_400V                       
1     00008c2e  _PID_I2                         
1     00008c30  _Control_CPLD                   
1     00008c34  _AdcaResults                    
1     00008c40  _AdcbResults                    
1     00008c48  _PID_I_LOOP2                    
1     00008c5c  _PID_TEST                       
1     00008c80  _PID_I_LOOP1                    
1     00008c94  _CpuTimer1                      
1     00008c9c  _CpuTimer2                      
1     00008ca4  _CpuTimer0                      
1     00008cac  ___TI_enable_exit_profile_output
1     00008cae  ___TI_cleanup_ptr               
1     00008cb0  ___TI_dtors_ptr                 
1     00008cb2  __lock                          
1     00008cb4  __unlock                        
1     003d7e80  _PartIdRegs                     
1     003f7ff8  _CsmPwl                         
abs   0000012f  _RamfuncsLoadSize               
abs   00000300  __STACK_SIZE                    
abs   ffffffff  ___TI_pprof_out_hndl            
abs   ffffffff  ___TI_prof_data_size            
abs   ffffffff  ___TI_prof_data_start           
abs   ffffffff  ___binit__                      
abs   ffffffff  ___c_args__                     
abs   ffffffff  ___pinit__                      
abs   ffffffff  binit                           
abs   ffffffff  pinit                           

[292 symbols]
